
Allocating common symbols
Common symbol       size              file

rx_buf              0x32              ..\obj\main.o

Discarded input sections

 .text          0x00000000        0x0 ..\obj\stm32f4xx_syscfg.o
 .data          0x00000000        0x0 ..\obj\stm32f4xx_syscfg.o
 .bss           0x00000000        0x0 ..\obj\stm32f4xx_syscfg.o
 .text.SYSCFG_DeInit
                0x00000000       0x1c ..\obj\stm32f4xx_syscfg.o
 .text.SYSCFG_MemoryRemapConfig
                0x00000000       0x20 ..\obj\stm32f4xx_syscfg.o
 .text.SYSCFG_ETH_MediaInterfaceConfig
                0x00000000       0x1c ..\obj\stm32f4xx_syscfg.o
 .text.SYSCFG_CompensationCellCmd
                0x00000000       0x20 ..\obj\stm32f4xx_syscfg.o
 .text.SYSCFG_GetCompensationCellStatus
                0x00000000       0x30 ..\obj\stm32f4xx_syscfg.o
 .text          0x00000000        0x0 ..\obj\stm32f4xx_pwr.o
 .data          0x00000000        0x0 ..\obj\stm32f4xx_pwr.o
 .bss           0x00000000        0x0 ..\obj\stm32f4xx_pwr.o
 .text.PWR_DeInit
                0x00000000       0x1c ..\obj\stm32f4xx_pwr.o
 .text.PWR_BackupAccessCmd
                0x00000000       0x20 ..\obj\stm32f4xx_pwr.o
 .text.PWR_PVDLevelConfig
                0x00000000       0x38 ..\obj\stm32f4xx_pwr.o
 .text.PWR_PVDCmd
                0x00000000       0x20 ..\obj\stm32f4xx_pwr.o
 .text.PWR_WakeUpPinCmd
                0x00000000       0x20 ..\obj\stm32f4xx_pwr.o
 .text.PWR_BackupRegulatorCmd
                0x00000000       0x20 ..\obj\stm32f4xx_pwr.o
 .text.PWR_MainRegulatorModeConfig
                0x00000000       0x38 ..\obj\stm32f4xx_pwr.o
 .text.PWR_FlashPowerDownCmd
                0x00000000       0x20 ..\obj\stm32f4xx_pwr.o
 .text.PWR_EnterSTOPMode
                0x00000000       0x64 ..\obj\stm32f4xx_pwr.o
 .text.PWR_EnterSTANDBYMode
                0x00000000       0x3c ..\obj\stm32f4xx_pwr.o
 .text.PWR_GetFlagStatus
                0x00000000       0x34 ..\obj\stm32f4xx_pwr.o
 .text.PWR_ClearFlag
                0x00000000       0x24 ..\obj\stm32f4xx_pwr.o
 .debug_info    0x00000000      0x524 ..\obj\stm32f4xx_pwr.o
 .debug_abbrev  0x00000000      0x192 ..\obj\stm32f4xx_pwr.o
 .debug_aranges
                0x00000000       0x78 ..\obj\stm32f4xx_pwr.o
 .debug_ranges  0x00000000       0x68 ..\obj\stm32f4xx_pwr.o
 .debug_line    0x00000000      0x2c2 ..\obj\stm32f4xx_pwr.o
 .debug_str     0x00000000      0x393 ..\obj\stm32f4xx_pwr.o
 .comment       0x00000000       0x80 ..\obj\stm32f4xx_pwr.o
 .debug_frame   0x00000000      0x1dc ..\obj\stm32f4xx_pwr.o
 .ARM.attributes
                0x00000000       0x33 ..\obj\stm32f4xx_pwr.o
 .text          0x00000000        0x0 ..\obj\startup_stm32f4xx.o
 .data          0x00000000        0x0 ..\obj\startup_stm32f4xx.o
 .bss           0x00000000        0x0 ..\obj\startup_stm32f4xx.o
 .text          0x00000000        0x0 ..\obj\main.o
 .bss           0x00000000        0x0 ..\obj\main.o
 .text          0x00000000        0x0 ..\obj\stm32f4xx_rcc.o
 .data          0x00000000       0x10 ..\obj\stm32f4xx_rcc.o
 .bss           0x00000000        0x0 ..\obj\stm32f4xx_rcc.o
 .text.RCC_DeInit
                0x00000000       0x50 ..\obj\stm32f4xx_rcc.o
 .text.RCC_HSEConfig
                0x00000000       0x24 ..\obj\stm32f4xx_rcc.o
 .text.RCC_WaitForHSEStartUp
                0x00000000       0x50 ..\obj\stm32f4xx_rcc.o
 .text.RCC_AdjustHSICalibrationValue
                0x00000000       0x3c ..\obj\stm32f4xx_rcc.o
 .text.RCC_HSICmd
                0x00000000       0x20 ..\obj\stm32f4xx_rcc.o
 .text.RCC_LSEConfig
                0x00000000       0x40 ..\obj\stm32f4xx_rcc.o
 .text.RCC_LSICmd
                0x00000000       0x20 ..\obj\stm32f4xx_rcc.o
 .text.RCC_PLLConfig
                0x00000000       0x3c ..\obj\stm32f4xx_rcc.o
 .text.RCC_PLLCmd
                0x00000000       0x20 ..\obj\stm32f4xx_rcc.o
 .text.RCC_PLLI2SConfig
                0x00000000       0x28 ..\obj\stm32f4xx_rcc.o
 .text.RCC_PLLI2SCmd
                0x00000000       0x20 ..\obj\stm32f4xx_rcc.o
 .text.RCC_ClockSecuritySystemCmd
                0x00000000       0x20 ..\obj\stm32f4xx_rcc.o
 .text.RCC_MCO1Config
                0x00000000       0x3c ..\obj\stm32f4xx_rcc.o
 .text.RCC_MCO2Config
                0x00000000       0x3c ..\obj\stm32f4xx_rcc.o
 .text.RCC_SYSCLKConfig
                0x00000000       0x38 ..\obj\stm32f4xx_rcc.o
 .text.RCC_GetSYSCLKSource
                0x00000000       0x1c ..\obj\stm32f4xx_rcc.o
 .text.RCC_HCLKConfig
                0x00000000       0x38 ..\obj\stm32f4xx_rcc.o
 .text.RCC_PCLK1Config
                0x00000000       0x38 ..\obj\stm32f4xx_rcc.o
 .text.RCC_PCLK2Config
                0x00000000       0x38 ..\obj\stm32f4xx_rcc.o
 .text.RCC_GetClocksFreq
                0x00000000      0x150 ..\obj\stm32f4xx_rcc.o
 .text.RCC_RTCCLKConfig
                0x00000000       0x5c ..\obj\stm32f4xx_rcc.o
 .text.RCC_RTCCLKCmd
                0x00000000       0x20 ..\obj\stm32f4xx_rcc.o
 .text.RCC_BackupResetCmd
                0x00000000       0x20 ..\obj\stm32f4xx_rcc.o
 .text.RCC_I2SCLKConfig
                0x00000000       0x1c ..\obj\stm32f4xx_rcc.o
 .text.RCC_AHB2PeriphClockCmd
                0x00000000       0x3c ..\obj\stm32f4xx_rcc.o
 .text.RCC_AHB3PeriphClockCmd
                0x00000000       0x3c ..\obj\stm32f4xx_rcc.o
 .text.RCC_AHB1PeriphResetCmd
                0x00000000       0x3c ..\obj\stm32f4xx_rcc.o
 .text.RCC_AHB2PeriphResetCmd
                0x00000000       0x3c ..\obj\stm32f4xx_rcc.o
 .text.RCC_AHB3PeriphResetCmd
                0x00000000       0x3c ..\obj\stm32f4xx_rcc.o
 .text.RCC_AHB1PeriphClockLPModeCmd
                0x00000000       0x3c ..\obj\stm32f4xx_rcc.o
 .text.RCC_AHB2PeriphClockLPModeCmd
                0x00000000       0x3c ..\obj\stm32f4xx_rcc.o
 .text.RCC_AHB3PeriphClockLPModeCmd
                0x00000000       0x3c ..\obj\stm32f4xx_rcc.o
 .text.RCC_APB1PeriphClockLPModeCmd
                0x00000000       0x3c ..\obj\stm32f4xx_rcc.o
 .text.RCC_APB2PeriphClockLPModeCmd
                0x00000000       0x3c ..\obj\stm32f4xx_rcc.o
 .text.RCC_ITConfig
                0x00000000       0x4c ..\obj\stm32f4xx_rcc.o
 .text.RCC_GetFlagStatus
                0x00000000       0x74 ..\obj\stm32f4xx_rcc.o
 .text.RCC_ClearFlag
                0x00000000       0x1c ..\obj\stm32f4xx_rcc.o
 .text.RCC_GetITStatus
                0x00000000       0x34 ..\obj\stm32f4xx_rcc.o
 .text.RCC_ClearITPendingBit
                0x00000000       0x20 ..\obj\stm32f4xx_rcc.o
 .text          0x00000000        0x0 ..\obj\stm32f4xx_gpio.o
 .data          0x00000000        0x0 ..\obj\stm32f4xx_gpio.o
 .bss           0x00000000        0x0 ..\obj\stm32f4xx_gpio.o
 .text.GPIO_DeInit
                0x00000000      0x120 ..\obj\stm32f4xx_gpio.o
 .text.GPIO_StructInit
                0x00000000       0x32 ..\obj\stm32f4xx_gpio.o
 .text.GPIO_PinLockConfig
                0x00000000       0x42 ..\obj\stm32f4xx_gpio.o
 .text.GPIO_ReadInputDataBit
                0x00000000       0x32 ..\obj\stm32f4xx_gpio.o
 .text.GPIO_ReadInputData
                0x00000000       0x18 ..\obj\stm32f4xx_gpio.o
 .text.GPIO_ReadOutputDataBit
                0x00000000       0x32 ..\obj\stm32f4xx_gpio.o
 .text.GPIO_ReadOutputData
                0x00000000       0x18 ..\obj\stm32f4xx_gpio.o
 .text.GPIO_WriteBit
                0x00000000       0x2e ..\obj\stm32f4xx_gpio.o
 .text.GPIO_Write
                0x00000000       0x1c ..\obj\stm32f4xx_gpio.o
 .text.GPIO_ToggleBits
                0x00000000       0x22 ..\obj\stm32f4xx_gpio.o
 .text          0x00000000        0x0 ..\obj\system_stm32f4xx.o
 .data          0x00000000       0x14 ..\obj\system_stm32f4xx.o
 .bss           0x00000000        0x0 ..\obj\system_stm32f4xx.o
 .text.SystemInit
                0x00000000       0x5c ..\obj\system_stm32f4xx.o
 .text.SystemCoreClockUpdate
                0x00000000       0xf4 ..\obj\system_stm32f4xx.o
 .text.SetSysClock
                0x00000000       0xf4 ..\obj\system_stm32f4xx.o
 .debug_info    0x00000000      0x5cc ..\obj\system_stm32f4xx.o
 .debug_abbrev  0x00000000      0x156 ..\obj\system_stm32f4xx.o
 .debug_aranges
                0x00000000       0x30 ..\obj\system_stm32f4xx.o
 .debug_ranges  0x00000000       0x20 ..\obj\system_stm32f4xx.o
 .debug_line    0x00000000      0x208 ..\obj\system_stm32f4xx.o
 .debug_str     0x00000000      0x39c ..\obj\system_stm32f4xx.o
 .comment       0x00000000       0x80 ..\obj\system_stm32f4xx.o
 .debug_frame   0x00000000       0x7c ..\obj\system_stm32f4xx.o
 .ARM.attributes
                0x00000000       0x33 ..\obj\system_stm32f4xx.o
 .text          0x00000000        0x0 ..\obj\stm32f4xx_dma.o
 .data          0x00000000        0x0 ..\obj\stm32f4xx_dma.o
 .bss           0x00000000        0x0 ..\obj\stm32f4xx_dma.o
 .text.DMA_DeInit
                0x00000000      0x1a4 ..\obj\stm32f4xx_dma.o
 .text.DMA_StructInit
                0x00000000       0x6c ..\obj\stm32f4xx_dma.o
 .text.DMA_PeriphIncOffsetSizeConfig
                0x00000000       0x34 ..\obj\stm32f4xx_dma.o
 .text.DMA_FlowControllerConfig
                0x00000000       0x34 ..\obj\stm32f4xx_dma.o
 .text.DMA_SetCurrDataCounter
                0x00000000       0x1c ..\obj\stm32f4xx_dma.o
 .text.DMA_GetCurrDataCounter
                0x00000000       0x18 ..\obj\stm32f4xx_dma.o
 .text.DMA_DoubleBufferModeConfig
                0x00000000       0x3c ..\obj\stm32f4xx_dma.o
 .text.DMA_DoubleBufferModeCmd
                0x00000000       0x36 ..\obj\stm32f4xx_dma.o
 .text.DMA_MemoryTargetConfig
                0x00000000       0x2a ..\obj\stm32f4xx_dma.o
 .text.DMA_GetCurrentMemoryTarget
                0x00000000       0x2e ..\obj\stm32f4xx_dma.o
 .text.DMA_GetCmdStatus
                0x00000000       0x2e ..\obj\stm32f4xx_dma.o
 .text.DMA_GetFIFOStatus
                0x00000000       0x22 ..\obj\stm32f4xx_dma.o
 .text.DMA_GetFlagStatus
                0x00000000       0x74 ..\obj\stm32f4xx_dma.o
 .text.DMA_ClearFlag
                0x00000000       0x5c ..\obj\stm32f4xx_dma.o
 .text.DMA_ITConfig
                0x00000000       0x72 ..\obj\stm32f4xx_dma.o
 .text.DMA_GetITStatus
                0x00000000       0xac ..\obj\stm32f4xx_dma.o
 .text.DMA_ClearITPendingBit
                0x00000000       0x5c ..\obj\stm32f4xx_dma.o
 .text          0x00000000        0x0 ..\obj\stm32f4xx_spi.o
 .data          0x00000000        0x0 ..\obj\stm32f4xx_spi.o
 .bss           0x00000000        0x0 ..\obj\stm32f4xx_spi.o
 .text.I2S_Init
                0x00000000      0x1a8 ..\obj\stm32f4xx_spi.o
 .text.SPI_StructInit
                0x00000000       0x48 ..\obj\stm32f4xx_spi.o
 .text.I2S_StructInit
                0x00000000       0x36 ..\obj\stm32f4xx_spi.o
 .text.I2S_Cmd  0x00000000       0x3e ..\obj\stm32f4xx_spi.o
 .text.SPI_DataSizeConfig
                0x00000000       0x36 ..\obj\stm32f4xx_spi.o
 .text.SPI_BiDirectionalLineConfig
                0x00000000       0x40 ..\obj\stm32f4xx_spi.o
 .text.SPI_NSSInternalSoftwareConfig
                0x00000000       0x42 ..\obj\stm32f4xx_spi.o
 .text.SPI_SSOutputCmd
                0x00000000       0x3e ..\obj\stm32f4xx_spi.o
 .text.SPI_TIModeCmd
                0x00000000       0x3e ..\obj\stm32f4xx_spi.o
 .text.I2S_FullDuplexConfig
                0x00000000       0x9a ..\obj\stm32f4xx_spi.o
 .text.SPI_I2S_ReceiveData
                0x00000000       0x18 ..\obj\stm32f4xx_spi.o
 .text.SPI_I2S_SendData
                0x00000000       0x1c ..\obj\stm32f4xx_spi.o
 .text.SPI_CalculateCRC
                0x00000000       0x3e ..\obj\stm32f4xx_spi.o
 .text.SPI_TransmitCRC
                0x00000000       0x22 ..\obj\stm32f4xx_spi.o
 .text.SPI_GetCRC
                0x00000000       0x30 ..\obj\stm32f4xx_spi.o
 .text.SPI_GetCRCPolynomial
                0x00000000       0x18 ..\obj\stm32f4xx_spi.o
 .text.SPI_I2S_ITConfig
                0x00000000       0x60 ..\obj\stm32f4xx_spi.o
 .text.SPI_I2S_GetFlagStatus
                0x00000000       0x36 ..\obj\stm32f4xx_spi.o
 .text.SPI_I2S_ClearFlag
                0x00000000       0x20 ..\obj\stm32f4xx_spi.o
 .text.SPI_I2S_GetITStatus
                0x00000000       0x74 ..\obj\stm32f4xx_spi.o
 .text.SPI_I2S_ClearITPendingBit
                0x00000000       0x32 ..\obj\stm32f4xx_spi.o
 .text          0x00000000        0x0 ..\obj\stm32f4xx_exti.o
 .data          0x00000000        0x0 ..\obj\stm32f4xx_exti.o
 .bss           0x00000000        0x0 ..\obj\stm32f4xx_exti.o
 .text.EXTI_DeInit
                0x00000000       0x34 ..\obj\stm32f4xx_exti.o
 .text.EXTI_StructInit
                0x00000000       0x2a ..\obj\stm32f4xx_exti.o
 .text.EXTI_GenerateSWInterrupt
                0x00000000       0x24 ..\obj\stm32f4xx_exti.o
 .text.EXTI_GetFlagStatus
                0x00000000       0x34 ..\obj\stm32f4xx_exti.o
 .text.EXTI_GetITStatus
                0x00000000       0x48 ..\obj\stm32f4xx_exti.o
 .text.EXTI_ClearITPendingBit
                0x00000000       0x1c ..\obj\stm32f4xx_exti.o
 .text          0x00000000        0x0 ..\obj\misc.o
 .data          0x00000000        0x0 ..\obj\misc.o
 .bss           0x00000000        0x0 ..\obj\misc.o
 .text.NVIC_PriorityGroupConfig
                0x00000000       0x24 ..\obj\misc.o
 .text.NVIC_SetVectorTable
                0x00000000       0x2c ..\obj\misc.o
 .text.NVIC_SystemLPConfig
                0x00000000       0x40 ..\obj\misc.o
 .text.SysTick_CLKSourceConfig
                0x00000000       0x38 ..\obj\misc.o
 .text          0x00000000        0x0 ..\obj\stm32f4xx_tim.o
 .data          0x00000000        0x0 ..\obj\stm32f4xx_tim.o
 .bss           0x00000000        0x0 ..\obj\stm32f4xx_tim.o
 .text.TIM_DeInit
                0x00000000      0x1c0 ..\obj\stm32f4xx_tim.o
 .text.TIM_TimeBaseStructInit
                0x00000000       0x32 ..\obj\stm32f4xx_tim.o
 .text.TIM_PrescalerConfig
                0x00000000       0x26 ..\obj\stm32f4xx_tim.o
 .text.TIM_CounterModeConfig
                0x00000000       0x36 ..\obj\stm32f4xx_tim.o
 .text.TIM_SetCounter
                0x00000000       0x1a ..\obj\stm32f4xx_tim.o
 .text.TIM_SetAutoreload
                0x00000000       0x1a ..\obj\stm32f4xx_tim.o
 .text.TIM_GetCounter
                0x00000000       0x16 ..\obj\stm32f4xx_tim.o
 .text.TIM_GetPrescaler
                0x00000000       0x18 ..\obj\stm32f4xx_tim.o
 .text.TIM_UpdateDisableConfig
                0x00000000       0x3e ..\obj\stm32f4xx_tim.o
 .text.TIM_UpdateRequestConfig
                0x00000000       0x3e ..\obj\stm32f4xx_tim.o
 .text.TIM_ARRPreloadConfig
                0x00000000       0x3e ..\obj\stm32f4xx_tim.o
 .text.TIM_SelectOnePulseMode
                0x00000000       0x36 ..\obj\stm32f4xx_tim.o
 .text.TIM_SetClockDivision
                0x00000000       0x36 ..\obj\stm32f4xx_tim.o
 .text.TIM_OC1Init
                0x00000000       0xf4 ..\obj\stm32f4xx_tim.o
 .text.TIM_OC2Init
                0x00000000      0x110 ..\obj\stm32f4xx_tim.o
 .text.TIM_OC4Init
                0x00000000       0xcc ..\obj\stm32f4xx_tim.o
 .text.TIM_OCStructInit
                0x00000000       0x42 ..\obj\stm32f4xx_tim.o
 .text.TIM_SelectOCxM
                0x00000000       0xb0 ..\obj\stm32f4xx_tim.o
 .text.TIM_SetCompare1
                0x00000000       0x1a ..\obj\stm32f4xx_tim.o
 .text.TIM_SetCompare2
                0x00000000       0x1a ..\obj\stm32f4xx_tim.o
 .text.TIM_SetCompare3
                0x00000000       0x1a ..\obj\stm32f4xx_tim.o
 .text.TIM_SetCompare4
                0x00000000       0x1a ..\obj\stm32f4xx_tim.o
 .text.TIM_ForcedOC1Config
                0x00000000       0x36 ..\obj\stm32f4xx_tim.o
 .text.TIM_ForcedOC2Config
                0x00000000       0x3a ..\obj\stm32f4xx_tim.o
 .text.TIM_ForcedOC3Config
                0x00000000       0x36 ..\obj\stm32f4xx_tim.o
 .text.TIM_ForcedOC4Config
                0x00000000       0x3a ..\obj\stm32f4xx_tim.o
 .text.TIM_OC1PreloadConfig
                0x00000000       0x36 ..\obj\stm32f4xx_tim.o
 .text.TIM_OC2PreloadConfig
                0x00000000       0x3a ..\obj\stm32f4xx_tim.o
 .text.TIM_OC4PreloadConfig
                0x00000000       0x3a ..\obj\stm32f4xx_tim.o
 .text.TIM_OC1FastConfig
                0x00000000       0x36 ..\obj\stm32f4xx_tim.o
 .text.TIM_OC2FastConfig
                0x00000000       0x3a ..\obj\stm32f4xx_tim.o
 .text.TIM_OC3FastConfig
                0x00000000       0x36 ..\obj\stm32f4xx_tim.o
 .text.TIM_OC4FastConfig
                0x00000000       0x3a ..\obj\stm32f4xx_tim.o
 .text.TIM_ClearOC1Ref
                0x00000000       0x36 ..\obj\stm32f4xx_tim.o
 .text.TIM_ClearOC2Ref
                0x00000000       0x3a ..\obj\stm32f4xx_tim.o
 .text.TIM_ClearOC3Ref
                0x00000000       0x36 ..\obj\stm32f4xx_tim.o
 .text.TIM_ClearOC4Ref
                0x00000000       0x3a ..\obj\stm32f4xx_tim.o
 .text.TIM_OC1PolarityConfig
                0x00000000       0x36 ..\obj\stm32f4xx_tim.o
 .text.TIM_OC1NPolarityConfig
                0x00000000       0x36 ..\obj\stm32f4xx_tim.o
 .text.TIM_OC2PolarityConfig
                0x00000000       0x3a ..\obj\stm32f4xx_tim.o
 .text.TIM_OC2NPolarityConfig
                0x00000000       0x3a ..\obj\stm32f4xx_tim.o
 .text.TIM_OC3PolarityConfig
                0x00000000       0x3a ..\obj\stm32f4xx_tim.o
 .text.TIM_OC3NPolarityConfig
                0x00000000       0x3a ..\obj\stm32f4xx_tim.o
 .text.TIM_OC4PolarityConfig
                0x00000000       0x3a ..\obj\stm32f4xx_tim.o
 .text.TIM_CCxCmd
                0x00000000       0x54 ..\obj\stm32f4xx_tim.o
 .text.TIM_CCxNCmd
                0x00000000       0x54 ..\obj\stm32f4xx_tim.o
 .text.TIM_ICInit
                0x00000000       0xa8 ..\obj\stm32f4xx_tim.o
 .text.TIM_ICStructInit
                0x00000000       0x30 ..\obj\stm32f4xx_tim.o
 .text.TIM_PWMIConfig
                0x00000000       0xb8 ..\obj\stm32f4xx_tim.o
 .text.TIM_GetCapture1
                0x00000000       0x16 ..\obj\stm32f4xx_tim.o
 .text.TIM_GetCapture2
                0x00000000       0x16 ..\obj\stm32f4xx_tim.o
 .text.TIM_GetCapture3
                0x00000000       0x16 ..\obj\stm32f4xx_tim.o
 .text.TIM_GetCapture4
                0x00000000       0x16 ..\obj\stm32f4xx_tim.o
 .text.TIM_SetIC1Prescaler
                0x00000000       0x36 ..\obj\stm32f4xx_tim.o
 .text.TIM_SetIC2Prescaler
                0x00000000       0x3a ..\obj\stm32f4xx_tim.o
 .text.TIM_SetIC3Prescaler
                0x00000000       0x36 ..\obj\stm32f4xx_tim.o
 .text.TIM_SetIC4Prescaler
                0x00000000       0x3a ..\obj\stm32f4xx_tim.o
 .text.TIM_BDTRConfig
                0x00000000       0x4e ..\obj\stm32f4xx_tim.o
 .text.TIM_BDTRStructInit
                0x00000000       0x3c ..\obj\stm32f4xx_tim.o
 .text.TIM_CtrlPWMOutputs
                0x00000000       0x4a ..\obj\stm32f4xx_tim.o
 .text.TIM_SelectCOM
                0x00000000       0x3e ..\obj\stm32f4xx_tim.o
 .text.TIM_CCPreloadControl
                0x00000000       0x3e ..\obj\stm32f4xx_tim.o
 .text.TIM_ITConfig
                0x00000000       0x46 ..\obj\stm32f4xx_tim.o
 .text.TIM_GenerateEvent
                0x00000000       0x1c ..\obj\stm32f4xx_tim.o
 .text.TIM_GetFlagStatus
                0x00000000       0x36 ..\obj\stm32f4xx_tim.o
 .text.TIM_ClearFlag
                0x00000000       0x20 ..\obj\stm32f4xx_tim.o
 .text.TIM_GetITStatus
                0x00000000       0x52 ..\obj\stm32f4xx_tim.o
 .text.TIM_ClearITPendingBit
                0x00000000       0x20 ..\obj\stm32f4xx_tim.o
 .text.TIM_DMAConfig
                0x00000000       0x28 ..\obj\stm32f4xx_tim.o
 .text.TIM_DMACmd
                0x00000000       0x46 ..\obj\stm32f4xx_tim.o
 .text.TIM_SelectCCDMA
                0x00000000       0x3e ..\obj\stm32f4xx_tim.o
 .text.TIM_InternalClockConfig
                0x00000000       0x22 ..\obj\stm32f4xx_tim.o
 .text.TIM_ITRxExternalClockConfig
                0x00000000       0x2e ..\obj\stm32f4xx_tim.o
 .text.TIM_TIxExternalClockConfig
                0x00000000       0x5c ..\obj\stm32f4xx_tim.o
 .text.TIM_ETRClockMode1Config
                0x00000000       0x5e ..\obj\stm32f4xx_tim.o
 .text.TIM_ETRClockMode2Config
                0x00000000       0x3e ..\obj\stm32f4xx_tim.o
 .text.TIM_SelectInputTrigger
                0x00000000       0x36 ..\obj\stm32f4xx_tim.o
 .text.TIM_SelectOutputTrigger
                0x00000000       0x36 ..\obj\stm32f4xx_tim.o
 .text.TIM_SelectSlaveMode
                0x00000000       0x36 ..\obj\stm32f4xx_tim.o
 .text.TIM_SelectMasterSlaveMode
                0x00000000       0x36 ..\obj\stm32f4xx_tim.o
 .text.TIM_ETRConfig
                0x00000000       0x52 ..\obj\stm32f4xx_tim.o
 .text.TIM_EncoderInterfaceConfig
                0x00000000       0x96 ..\obj\stm32f4xx_tim.o
 .text.TIM_SelectHallSensor
                0x00000000       0x3e ..\obj\stm32f4xx_tim.o
 .text.TIM_RemapConfig
                0x00000000       0x1e ..\obj\stm32f4xx_tim.o
 .text.TI1_Config
                0x00000000       0x84 ..\obj\stm32f4xx_tim.o
 .text.TI2_Config
                0x00000000       0x98 ..\obj\stm32f4xx_tim.o
 .text.TI3_Config
                0x00000000       0x8e ..\obj\stm32f4xx_tim.o
 .text.TI4_Config
                0x00000000       0x9c ..\obj\stm32f4xx_tim.o

Memory Configuration

Name             Origin             Length             Attributes
rom              0x08000000         0x00080000         xr
ram              0x20000000         0x00020000         xrw
ram1             0x10000000         0x00010000         xrw
*default*        0x00000000         0xffffffff

Linker script and memory map

                0x20020000                _eram = 0x20020000

.text           0x08000000      0xf1a
 *(.isr_vector)
 .isr_vector    0x08000000      0x188 ..\obj\startup_stm32f4xx.o
                0x08000000                g_pfnVectors
 *(.text*)
 .text.SYSCFG_EXTILineConfig
                0x08000188       0x84 ..\obj\stm32f4xx_syscfg.o
                0x08000188                SYSCFG_EXTILineConfig
 .text.Default_Reset_Handler
                0x0800020c       0x5c ..\obj\startup_stm32f4xx.o
                0x0800020c                Default_Reset_Handler
                0x0800020c                Reset_Handler
 .text.Default_Handler
                0x08000268        0x6 ..\obj\startup_stm32f4xx.o
                0x08000268                RTC_Alarm_IRQHandler
                0x08000268                HASH_RNG_IRQHandler
                0x08000268                EXTI2_IRQHandler
                0x08000268                TIM8_CC_IRQHandler
                0x08000268                DebugMon_Handler
                0x08000268                TIM1_CC_IRQHandler
                0x08000268                DMA2_Stream5_IRQHandler
                0x08000268                HardFault_Handler
                0x08000268                DMA1_Stream5_IRQHandler
                0x08000268                SysTick_Handler
                0x08000268                PVD_IRQHandler
                0x08000268                SDIO_IRQHandler
                0x08000268                TAMP_STAMP_IRQHandler
                0x08000268                PendSV_Handler
                0x08000268                NMI_Handler
                0x08000268                CAN2_RX1_IRQHandler
                0x08000268                EXTI3_IRQHandler
                0x08000268                TIM8_TRG_COM_TIM14_IRQHandler
                0x08000268                TIM1_UP_TIM10_IRQHandler
                0x08000268                TIM8_UP_TIM13_IRQHandler
                0x08000268                I2C3_ER_IRQHandler
                0x08000268                I2C2_EV_IRQHandler
                0x08000268                DMA1_Stream2_IRQHandler
                0x08000268                CAN1_RX0_IRQHandler
                0x08000268                FPU_IRQHandler
                0x08000268                OTG_HS_WKUP_IRQHandler
                0x08000268                UsageFault_Handler
                0x08000268                CAN2_SCE_IRQHandler
                0x08000268                DMA2_Stream2_IRQHandler
                0x08000268                SPI1_IRQHandler
                0x08000268                TIM6_DAC_IRQHandler
                0x08000268                TIM1_BRK_TIM9_IRQHandler
                0x08000268                DCMI_IRQHandler
                0x08000268                CAN2_RX0_IRQHandler
                0x08000268                DMA2_Stream3_IRQHandler
                0x08000268                USART6_IRQHandler
                0x08000268                USART3_IRQHandler
                0x08000268                CRYP_IRQHandler
                0x08000268                CAN1_RX1_IRQHandler
                0x08000268                UART5_IRQHandler
                0x08000268                DMA2_Stream0_IRQHandler
                0x08000268                TIM4_IRQHandler
                0x08000268                I2C1_EV_IRQHandler
                0x08000268                DMA1_Stream6_IRQHandler
                0x08000268                DMA1_Stream1_IRQHandler
                0x08000268                UART4_IRQHandler
                0x08000268                TIM3_IRQHandler
                0x08000268                RCC_IRQHandler
                0x08000268                TIM8_BRK_TIM12_IRQHandler
                0x08000268                EXTI15_10_IRQHandler
                0x08000268                ADC_IRQHandler
                0x08000268                DMA1_Stream7_IRQHandler
                0x08000268                TIM7_IRQHandler
                0x08000268                CAN2_TX_IRQHandler
                0x08000268                TIM5_IRQHandler
                0x08000268                DMA2_Stream7_IRQHandler
                0x08000268                I2C3_EV_IRQHandler
                0x08000268                EXTI9_5_IRQHandler
                0x08000268                RTC_WKUP_IRQHandler
                0x08000268                ETH_WKUP_IRQHandler
                0x08000268                SPI2_IRQHandler
                0x08000268                OTG_HS_EP1_IN_IRQHandler
                0x08000268                MemManage_Handler
                0x08000268                DMA1_Stream0_IRQHandler
                0x08000268                CAN1_TX_IRQHandler
                0x08000268                SVC_Handler
                0x08000268                EXTI4_IRQHandler
                0x08000268                FSMC_IRQHandler
                0x08000268                ETH_IRQHandler
                0x08000268                OTG_HS_EP1_OUT_IRQHandler
                0x08000268                WWDG_IRQHandler
                0x08000268                TIM2_IRQHandler
                0x08000268                OTG_FS_WKUP_IRQHandler
                0x08000268                TIM1_TRG_COM_TIM11_IRQHandler
                0x08000268                OTG_HS_IRQHandler
                0x08000268                USART2_IRQHandler
                0x08000268                I2C2_ER_IRQHandler
                0x08000268                DMA2_Stream1_IRQHandler
                0x08000268                CAN1_SCE_IRQHandler
                0x08000268                FLASH_IRQHandler
                0x08000268                DMA2_Stream4_IRQHandler
                0x08000268                BusFault_Handler
                0x08000268                USART1_IRQHandler
                0x08000268                OTG_FS_IRQHandler
                0x08000268                SPI3_IRQHandler
                0x08000268                DMA1_Stream4_IRQHandler
                0x08000268                I2C1_ER_IRQHandler
                0x08000268                DMA2_Stream6_IRQHandler
                0x08000268                DMA1_Stream3_IRQHandler
 *fill*         0x0800026e        0x2 
 .text.init_gpios
                0x08000270      0x120 ..\obj\main.o
                0x08000270                init_gpios
 .text.EXTI0_IRQHandler
                0x08000390       0x34 ..\obj\main.o
                0x08000390                EXTI0_IRQHandler
 .text.EXTI1_IRQHandler
                0x080003c4       0x34 ..\obj\main.o
                0x080003c4                EXTI1_IRQHandler
 .text.init_pwm
                0x080003f8       0x68 ..\obj\main.o
                0x080003f8                init_pwm
 .text.init_dma
                0x08000460       0xa0 ..\obj\main.o
                0x08000460                init_dma
 .text.init_spi
                0x08000500       0x74 ..\obj\main.o
                0x08000500                init_spi
 .text.main     0x08000574       0x16 ..\obj\main.o
                0x08000574                main
 *fill*         0x0800058a        0x2 
 .text.RCC_AHB1PeriphClockCmd
                0x0800058c       0x3c ..\obj\stm32f4xx_rcc.o
                0x0800058c                RCC_AHB1PeriphClockCmd
 .text.RCC_APB1PeriphClockCmd
                0x080005c8       0x3c ..\obj\stm32f4xx_rcc.o
                0x080005c8                RCC_APB1PeriphClockCmd
 .text.RCC_APB2PeriphClockCmd
                0x08000604       0x3c ..\obj\stm32f4xx_rcc.o
                0x08000604                RCC_APB2PeriphClockCmd
 .text.RCC_APB1PeriphResetCmd
                0x08000640       0x3c ..\obj\stm32f4xx_rcc.o
                0x08000640                RCC_APB1PeriphResetCmd
 .text.RCC_APB2PeriphResetCmd
                0x0800067c       0x3c ..\obj\stm32f4xx_rcc.o
                0x0800067c                RCC_APB2PeriphResetCmd
 .text.GPIO_Init
                0x080006b8      0x11a ..\obj\stm32f4xx_gpio.o
                0x080006b8                GPIO_Init
 .text.GPIO_SetBits
                0x080007d2       0x1c ..\obj\stm32f4xx_gpio.o
                0x080007d2                GPIO_SetBits
 .text.GPIO_ResetBits
                0x080007ee       0x1c ..\obj\stm32f4xx_gpio.o
                0x080007ee                GPIO_ResetBits
 .text.GPIO_PinAFConfig
                0x0800080a       0x90 ..\obj\stm32f4xx_gpio.o
                0x0800080a                GPIO_PinAFConfig
 *fill*         0x0800089a        0x2 
 .text.DMA_Init
                0x0800089c       0xac ..\obj\stm32f4xx_dma.o
                0x0800089c                DMA_Init
 .text.DMA_Cmd  0x08000948       0x36 ..\obj\stm32f4xx_dma.o
                0x08000948                DMA_Cmd
 *fill*         0x0800097e        0x2 
 .text.SPI_I2S_DeInit
                0x08000980       0x74 ..\obj\stm32f4xx_spi.o
                0x08000980                SPI_I2S_DeInit
 .text.SPI_Init
                0x080009f4       0x86 ..\obj\stm32f4xx_spi.o
                0x080009f4                SPI_Init
 .text.SPI_Cmd  0x08000a7a       0x3e ..\obj\stm32f4xx_spi.o
                0x08000a7a                SPI_Cmd
 .text.SPI_I2S_DMACmd
                0x08000ab8       0x46 ..\obj\stm32f4xx_spi.o
                0x08000ab8                SPI_I2S_DMACmd
 *fill*         0x08000afe        0x2 
 .text.EXTI_Init
                0x08000b00       0xe4 ..\obj\stm32f4xx_exti.o
                0x08000b00                EXTI_Init
 .text.EXTI_ClearFlag
                0x08000be4       0x1c ..\obj\stm32f4xx_exti.o
                0x08000be4                EXTI_ClearFlag
 .text.NVIC_Init
                0x08000c00       0xc4 ..\obj\misc.o
                0x08000c00                NVIC_Init
 .text.TIM_TimeBaseInit
                0x08000cc4       0xd4 ..\obj\stm32f4xx_tim.o
                0x08000cc4                TIM_TimeBaseInit
 .text.TIM_Cmd  0x08000d98       0x3e ..\obj\stm32f4xx_tim.o
                0x08000d98                TIM_Cmd
 *fill*         0x08000dd6        0x2 
 .text.TIM_OC3Init
                0x08000dd8      0x10c ..\obj\stm32f4xx_tim.o
                0x08000dd8                TIM_OC3Init
 .text.TIM_OC3PreloadConfig
                0x08000ee4       0x36 ..\obj\stm32f4xx_tim.o
                0x08000ee4                TIM_OC3PreloadConfig
 *(.init)
 *(.fini)
 *crtbegin.o(.ctors)
 *crtbegin?.o(.ctors)
 *(EXCLUDE_FILE(*crtend.o *crtend?.o) .ctors)
 *(SORT(.ctors.*))
 *(.ctors)
 *crtbegin.o(.dtors)
 *crtbegin?.o(.dtors)
 *(EXCLUDE_FILE(*crtend.o *crtend?.o) .dtors)
 *(SORT(.dtors.*))
 *(.dtors)
 *(.rodata*)
 *(.eh_fram e*)

.glue_7         0x08000f1c        0x0
 .glue_7        0x08000f1c        0x0 linker stubs

.glue_7t        0x08000f1c        0x0
 .glue_7t       0x08000f1c        0x0 linker stubs

.vfp11_veneer   0x08000f1c        0x0
 .vfp11_veneer  0x08000f1c        0x0 linker stubs

.v4_bx          0x08000f1c        0x0
 .v4_bx         0x08000f1c        0x0 linker stubs

.iplt           0x08000f1c        0x0
 .iplt          0x08000f1c        0x0 ..\obj\stm32f4xx_syscfg.o

.rel.dyn        0x08000f1c        0x0
 .rel.iplt      0x08000f1c        0x0 ..\obj\stm32f4xx_syscfg.o

.ARM.extab
 *(.ARM.extab* .gnu.linkonce.armextab.*)
                0x08000f1c                __exidx_start = .

.ARM.exidx
 *(.ARM.exidx* .gnu.linkonce.armexidx.*)
                0x08000f1c                __exidx_end = .
                0x08000f1c                __etext = .
                0x08000f1a                _sidata = __etext

.data           0x20000000       0x30 load address 0x08000f1a
                0x20000000                __data_start__ = .
                0x20000000                _sdata = __data_start__
 *(vtable)
 *(.data*)
 .data          0x20000000       0x30 ..\obj\main.o
                0x20000000                tx_buf
                0x20000030                . = ALIGN (0x4)
                [!provide]                PROVIDE (__preinit_array_start, .)
 *(.preinit_array)
                [!provide]                PROVIDE (__preinit_array_end, .)
                0x20000030                . = ALIGN (0x4)
                [!provide]                PROVIDE (__init_array_start, .)
 *(SORT(.init_array.*))
 *(.init_array)
                [!provide]                PROVIDE (__init_array_end, .)
                0x20000030                . = ALIGN (0x4)
                [!provide]                PROVIDE (__fini_array_start, .)
 *(SORT(.fini_array.*))
 *(.fini_array)
                [!provide]                PROVIDE (__fini_array_end, .)
 *(.jcr*)
                0x20000030                . = ALIGN (0x4)
                0x20000030                __data_end__ = .
                0x20000030                _edata = __data_end__

.igot.plt       0x20000030        0x0 load address 0x08000f4c
 .igot.plt      0x20000030        0x0 ..\obj\stm32f4xx_syscfg.o

.bss            0x20000030       0x34 load address 0x08000f4c
                0x20000030                . = ALIGN (0x4)
                0x20000030                __bss_start__ = .
                0x20000030                _sbss = __bss_start__
 *(.bss*)
 *(COMMON)
 COMMON         0x20000030       0x32 ..\obj\main.o
                0x20000030                rx_buf
                0x20000064                . = ALIGN (0x4)
 *fill*         0x20000062        0x2 
                0x20000064                __bss_end__ = .
                0x20000064                _ebss = __bss_end__

.heap           0x20000064        0x0
                0x20000064                __end__ = .
                0x20000064                _end = __end__
                0x20000064                end = __end__
 *(.heap*)
                0x20000064                __HeapLimit = .

.co_stack       0x20000064      0x804 load address 0x08000f80
                0x20000068                . = ALIGN (0x8)
 *fill*         0x20000064        0x4 
 *(.co_stack .co_stack.*)
 .co_stack      0x20000068      0x800 ..\obj\startup_stm32f4xx.o
                0x20000068                pulStack
                0x20020000                __StackTop = (ORIGIN (ram) + LENGTH (ram))
                0x2001f7fc                __StackLimit = (__StackTop - SIZEOF (.co_stack))
                [!provide]                PROVIDE (__stack, __StackTop)
                0x00000001                ASSERT ((__StackLimit >= __HeapLimit), region ram  overflowed with stack)
LOAD ..\obj\stm32f4xx_syscfg.o
LOAD ..\obj\stm32f4xx_pwr.o
LOAD ..\obj\startup_stm32f4xx.o
LOAD ..\obj\main.o
LOAD ..\obj\stm32f4xx_rcc.o
LOAD ..\obj\stm32f4xx_gpio.o
LOAD ..\obj\system_stm32f4xx.o
LOAD ..\obj\stm32f4xx_dma.o
LOAD ..\obj\stm32f4xx_spi.o
LOAD ..\obj\stm32f4xx_exti.o
LOAD ..\obj\misc.o
LOAD ..\obj\stm32f4xx_tim.o
START GROUP
LOAD c:/program files (x86)/gnu tools arm embedded/6 2017-q1-update/bin/../lib/gcc/arm-none-eabi/6.3.1/thumb/v7e-m\libgcc.a
LOAD c:/program files (x86)/gnu tools arm embedded/6 2017-q1-update/bin/../lib/gcc/arm-none-eabi/6.3.1/../../../../arm-none-eabi/lib/thumb/v7e-m\libg.a
LOAD c:/program files (x86)/gnu tools arm embedded/6 2017-q1-update/bin/../lib/gcc/arm-none-eabi/6.3.1/../../../../arm-none-eabi/lib/thumb/v7e-m\libc.a
END GROUP
OUTPUT(lab4.elf elf32-littlearm)

.debug_info     0x00000000     0x5a02
 .debug_info    0x00000000      0x27f ..\obj\stm32f4xx_syscfg.o
 .debug_info    0x0000027f      0x10f ..\obj\startup_stm32f4xx.o
 .debug_info    0x0000038e      0xc6c ..\obj\main.o
 .debug_info    0x00000ffa      0xc6e ..\obj\stm32f4xx_rcc.o
 .debug_info    0x00001c68      0x621 ..\obj\stm32f4xx_gpio.o
 .debug_info    0x00002289      0x748 ..\obj\stm32f4xx_dma.o
 .debug_info    0x000029d1      0xb16 ..\obj\stm32f4xx_spi.o
 .debug_info    0x000034e7      0x362 ..\obj\stm32f4xx_exti.o
 .debug_info    0x00003849      0x549 ..\obj\misc.o
 .debug_info    0x00003d92     0x1c70 ..\obj\stm32f4xx_tim.o

.debug_abbrev   0x00000000      0xebc
 .debug_abbrev  0x00000000      0x144 ..\obj\stm32f4xx_syscfg.o
 .debug_abbrev  0x00000144       0xbf ..\obj\startup_stm32f4xx.o
 .debug_abbrev  0x00000203      0x16d ..\obj\main.o
 .debug_abbrev  0x00000370      0x1f6 ..\obj\stm32f4xx_rcc.o
 .debug_abbrev  0x00000566      0x1b6 ..\obj\stm32f4xx_gpio.o
 .debug_abbrev  0x0000071c      0x166 ..\obj\stm32f4xx_dma.o
 .debug_abbrev  0x00000882      0x178 ..\obj\stm32f4xx_spi.o
 .debug_abbrev  0x000009fa      0x1ba ..\obj\stm32f4xx_exti.o
 .debug_abbrev  0x00000bb4      0x170 ..\obj\misc.o
 .debug_abbrev  0x00000d24      0x198 ..\obj\stm32f4xx_tim.o

.debug_aranges  0x00000000      0x7e0
 .debug_aranges
                0x00000000       0x48 ..\obj\stm32f4xx_syscfg.o
 .debug_aranges
                0x00000048       0x28 ..\obj\startup_stm32f4xx.o
 .debug_aranges
                0x00000070       0x50 ..\obj\main.o
 .debug_aranges
                0x000000c0      0x178 ..\obj\stm32f4xx_rcc.o
 .debug_aranges
                0x00000238       0x88 ..\obj\stm32f4xx_gpio.o
 .debug_aranges
                0x000002c0       0xb0 ..\obj\stm32f4xx_dma.o
 .debug_aranges
                0x00000370       0xe0 ..\obj\stm32f4xx_spi.o
 .debug_aranges
                0x00000450       0x58 ..\obj\stm32f4xx_exti.o
 .debug_aranges
                0x000004a8       0x40 ..\obj\misc.o
 .debug_aranges
                0x000004e8      0x2f8 ..\obj\stm32f4xx_tim.o

.debug_ranges   0x00000000      0x740
 .debug_ranges  0x00000000       0x38 ..\obj\stm32f4xx_syscfg.o
 .debug_ranges  0x00000038       0x18 ..\obj\startup_stm32f4xx.o
 .debug_ranges  0x00000050       0x40 ..\obj\main.o
 .debug_ranges  0x00000090      0x168 ..\obj\stm32f4xx_rcc.o
 .debug_ranges  0x000001f8       0x78 ..\obj\stm32f4xx_gpio.o
 .debug_ranges  0x00000270       0xa0 ..\obj\stm32f4xx_dma.o
 .debug_ranges  0x00000310       0xd0 ..\obj\stm32f4xx_spi.o
 .debug_ranges  0x000003e0       0x48 ..\obj\stm32f4xx_exti.o
 .debug_ranges  0x00000428       0x30 ..\obj\misc.o
 .debug_ranges  0x00000458      0x2e8 ..\obj\stm32f4xx_tim.o

.debug_line     0x00000000     0x2736
 .debug_line    0x00000000      0x223 ..\obj\stm32f4xx_syscfg.o
 .debug_line    0x00000223       0x93 ..\obj\startup_stm32f4xx.o
 .debug_line    0x000002b6      0x312 ..\obj\main.o
 .debug_line    0x000005c8      0x5af ..\obj\stm32f4xx_rcc.o
 .debug_line    0x00000b77      0x36a ..\obj\stm32f4xx_gpio.o
 .debug_line    0x00000ee1      0x434 ..\obj\stm32f4xx_dma.o
 .debug_line    0x00001315      0x463 ..\obj\stm32f4xx_spi.o
 .debug_line    0x00001778      0x2ab ..\obj\stm32f4xx_exti.o
 .debug_line    0x00001a23      0x248 ..\obj\misc.o
 .debug_line    0x00001c6b      0xacb ..\obj\stm32f4xx_tim.o

.debug_str      0x00000000     0x291e
 .debug_str     0x00000000      0x298 ..\obj\stm32f4xx_syscfg.o
                                0x2f6 (size before relaxing)
 .debug_str     0x00000298       0xb4 ..\obj\startup_stm32f4xx.o
                                0x14b (size before relaxing)
 .debug_str     0x0000034c      0xc37 ..\obj\main.o
                                0xdca (size before relaxing)
 .debug_str     0x00000f83      0x62e ..\obj\stm32f4xx_rcc.o
                                0x852 (size before relaxing)
 .debug_str     0x000015b1      0x18f ..\obj\stm32f4xx_gpio.o
                                0x4a5 (size before relaxing)
 .debug_str     0x00001740      0x266 ..\obj\stm32f4xx_dma.o
                                0x544 (size before relaxing)
 .debug_str     0x000019a6      0x2ef ..\obj\stm32f4xx_spi.o
                                0x68c (size before relaxing)
 .debug_str     0x00001c95       0xf2 ..\obj\stm32f4xx_exti.o
                                0x35b (size before relaxing)
 .debug_str     0x00001d87      0x1a7 ..\obj\misc.o
                                0x3d0 (size before relaxing)
 .debug_str     0x00001f2e      0x9f0 ..\obj\stm32f4xx_tim.o
                                0xdd2 (size before relaxing)

.comment        0x00000000       0x7f
 .comment       0x00000000       0x7f ..\obj\stm32f4xx_syscfg.o
                                 0x80 (size before relaxing)
 .comment       0x0000007f       0x80 ..\obj\startup_stm32f4xx.o
 .comment       0x0000007f       0x80 ..\obj\main.o
 .comment       0x0000007f       0x80 ..\obj\stm32f4xx_rcc.o
 .comment       0x0000007f       0x80 ..\obj\stm32f4xx_gpio.o
 .comment       0x0000007f       0x80 ..\obj\stm32f4xx_dma.o
 .comment       0x0000007f       0x80 ..\obj\stm32f4xx_spi.o
 .comment       0x0000007f       0x80 ..\obj\stm32f4xx_exti.o
 .comment       0x0000007f       0x80 ..\obj\misc.o
 .comment       0x0000007f       0x80 ..\obj\stm32f4xx_tim.o

.ARM.attributes
                0x00000000       0x33
 .ARM.attributes
                0x00000000       0x33 ..\obj\stm32f4xx_syscfg.o
 .ARM.attributes
                0x00000033       0x33 ..\obj\startup_stm32f4xx.o
 .ARM.attributes
                0x00000066       0x33 ..\obj\main.o
 .ARM.attributes
                0x00000099       0x33 ..\obj\stm32f4xx_rcc.o
 .ARM.attributes
                0x000000cc       0x33 ..\obj\stm32f4xx_gpio.o
 .ARM.attributes
                0x000000ff       0x33 ..\obj\stm32f4xx_dma.o
 .ARM.attributes
                0x00000132       0x33 ..\obj\stm32f4xx_spi.o
 .ARM.attributes
                0x00000165       0x33 ..\obj\stm32f4xx_exti.o
 .ARM.attributes
                0x00000198       0x33 ..\obj\misc.o
 .ARM.attributes
                0x000001cb       0x33 ..\obj\stm32f4xx_tim.o

.debug_frame    0x00000000     0x22c4
 .debug_frame   0x00000000       0xf4 ..\obj\stm32f4xx_syscfg.o
 .debug_frame   0x000000f4       0x4c ..\obj\startup_stm32f4xx.o
 .debug_frame   0x00000140      0x104 ..\obj\main.o
 .debug_frame   0x00000244      0x6d4 ..\obj\stm32f4xx_rcc.o
 .debug_frame   0x00000918      0x23c ..\obj\stm32f4xx_gpio.o
 .debug_frame   0x00000b54      0x308 ..\obj\stm32f4xx_dma.o
 .debug_frame   0x00000e5c      0x3f4 ..\obj\stm32f4xx_spi.o
 .debug_frame   0x00001250      0x148 ..\obj\stm32f4xx_exti.o
 .debug_frame   0x00001398       0xd8 ..\obj\misc.o
 .debug_frame   0x00001470      0xe54 ..\obj\stm32f4xx_tim.o
