Archive member included to satisfy reference by file (symbol)

c:/program files (x86)/gnu tools arm embedded/7 2017-q4-major/bin/../lib/gcc/arm-none-eabi/7.2.1/thumb/v7-m\libgcc.a(_arm_addsubdf3.o)
                              ..\obj\main.o (__aeabi_dadd)
c:/program files (x86)/gnu tools arm embedded/7 2017-q4-major/bin/../lib/gcc/arm-none-eabi/7.2.1/thumb/v7-m\libgcc.a(_arm_muldivdf3.o)
                              ..\obj\main.o (__aeabi_ddiv)
c:/program files (x86)/gnu tools arm embedded/7 2017-q4-major/bin/../lib/gcc/arm-none-eabi/7.2.1/thumb/v7-m\libgcc.a(_arm_truncdfsf2.o)
                              ..\obj\main.o (__aeabi_d2f)
c:/program files (x86)/gnu tools arm embedded/7 2017-q4-major/bin/../lib/gcc/arm-none-eabi/7.2.1/thumb/v7-m\libgcc.a(_arm_cmpsf2.o)
                              ..\obj\main.o (__aeabi_fcmplt)

Allocating common symbols
Common symbol       size              file

rx_buf              0x32              ..\obj\main.o

Discarded input sections

 .text          0x00000000        0x0 ..\obj\system_stm32f10x.o
 .data          0x00000000       0x14 ..\obj\system_stm32f10x.o
 .bss           0x00000000        0x0 ..\obj\system_stm32f10x.o
 .text.SystemCoreClockUpdate
                0x00000000       0xd8 ..\obj\system_stm32f10x.o
 .text          0x00000000        0x0 ..\obj\startup_stm32f10x_md.o
 .data          0x00000000        0x0 ..\obj\startup_stm32f10x_md.o
 .bss           0x00000000        0x0 ..\obj\startup_stm32f10x_md.o
 .text          0x00000000        0x0 ..\obj\stm32f10x_gpio.o
 .data          0x00000000        0x0 ..\obj\stm32f10x_gpio.o
 .bss           0x00000000        0x0 ..\obj\stm32f10x_gpio.o
 .text.GPIO_DeInit
                0x00000000       0xe4 ..\obj\stm32f10x_gpio.o
 .text.GPIO_AFIODeInit
                0x00000000       0x18 ..\obj\stm32f10x_gpio.o
 .text.GPIO_StructInit
                0x00000000       0x26 ..\obj\stm32f10x_gpio.o
 .text.GPIO_ReadInputDataBit
                0x00000000       0x32 ..\obj\stm32f10x_gpio.o
 .text.GPIO_ReadInputData
                0x00000000       0x18 ..\obj\stm32f10x_gpio.o
 .text.GPIO_ReadOutputDataBit
                0x00000000       0x32 ..\obj\stm32f10x_gpio.o
 .text.GPIO_ReadOutputData
                0x00000000       0x18 ..\obj\stm32f10x_gpio.o
 .text.GPIO_WriteBit
                0x00000000       0x2e ..\obj\stm32f10x_gpio.o
 .text.GPIO_Write
                0x00000000       0x1c ..\obj\stm32f10x_gpio.o
 .text.GPIO_PinLockConfig
                0x00000000       0x42 ..\obj\stm32f10x_gpio.o
 .text.GPIO_EventOutputConfig
                0x00000000       0x4c ..\obj\stm32f10x_gpio.o
 .text.GPIO_EventOutputCmd
                0x00000000       0x20 ..\obj\stm32f10x_gpio.o
 .text.GPIO_PinRemapConfig
                0x00000000       0xe0 ..\obj\stm32f10x_gpio.o
 .text.GPIO_EXTILineConfig
                0x00000000       0x80 ..\obj\stm32f10x_gpio.o
 .text.GPIO_ETH_MediaInterfaceConfig
                0x00000000       0x1c ..\obj\stm32f10x_gpio.o
 .text          0x00000000        0x0 ..\obj\main.o
 .bss           0x00000000        0x0 ..\obj\main.o
 .text          0x00000000        0x0 ..\obj\mstr.o
 .data          0x00000000        0x0 ..\obj\mstr.o
 .bss           0x00000000        0x0 ..\obj\mstr.o
 .debug_line    0x00000000        0x0 ..\obj\mstr.o
 .debug_str     0x00000000      0x116 ..\obj\mstr.o
 .comment       0x00000000       0x7f ..\obj\mstr.o
 .ARM.attributes
                0x00000000       0x33 ..\obj\mstr.o
 .text          0x00000000        0x0 ..\obj\stm32f10x_rcc.o
 .data          0x00000000       0x14 ..\obj\stm32f10x_rcc.o
 .bss           0x00000000        0x0 ..\obj\stm32f10x_rcc.o
 .text.RCC_DeInit
                0x00000000       0x5c ..\obj\stm32f10x_rcc.o
 .text.RCC_HSEConfig
                0x00000000       0x5c ..\obj\stm32f10x_rcc.o
 .text.RCC_WaitForHSEStartUp
                0x00000000       0x50 ..\obj\stm32f10x_rcc.o
 .text.RCC_AdjustHSICalibrationValue
                0x00000000       0x3c ..\obj\stm32f10x_rcc.o
 .text.RCC_HSICmd
                0x00000000       0x20 ..\obj\stm32f10x_rcc.o
 .text.RCC_PLLConfig
                0x00000000       0x3c ..\obj\stm32f10x_rcc.o
 .text.RCC_PLLCmd
                0x00000000       0x20 ..\obj\stm32f10x_rcc.o
 .text.RCC_SYSCLKConfig
                0x00000000       0x38 ..\obj\stm32f10x_rcc.o
 .text.RCC_GetSYSCLKSource
                0x00000000       0x1c ..\obj\stm32f10x_rcc.o
 .text.RCC_HCLKConfig
                0x00000000       0x38 ..\obj\stm32f10x_rcc.o
 .text.RCC_PCLK1Config
                0x00000000       0x38 ..\obj\stm32f10x_rcc.o
 .text.RCC_PCLK2Config
                0x00000000       0x38 ..\obj\stm32f10x_rcc.o
 .text.RCC_ITConfig
                0x00000000       0x4c ..\obj\stm32f10x_rcc.o
 .text.RCC_USBCLKConfig
                0x00000000       0x1c ..\obj\stm32f10x_rcc.o
 .text.RCC_ADCCLKConfig
                0x00000000       0x38 ..\obj\stm32f10x_rcc.o
 .text.RCC_LSEConfig
                0x00000000       0x40 ..\obj\stm32f10x_rcc.o
 .text.RCC_LSICmd
                0x00000000       0x20 ..\obj\stm32f10x_rcc.o
 .text.RCC_RTCCLKConfig
                0x00000000       0x24 ..\obj\stm32f10x_rcc.o
 .text.RCC_RTCCLKCmd
                0x00000000       0x20 ..\obj\stm32f10x_rcc.o
 .text.RCC_GetClocksFreq
                0x00000000      0x160 ..\obj\stm32f10x_rcc.o
 .text.RCC_APB2PeriphResetCmd
                0x00000000       0x3c ..\obj\stm32f10x_rcc.o
 .text.RCC_APB1PeriphResetCmd
                0x00000000       0x3c ..\obj\stm32f10x_rcc.o
 .text.RCC_BackupResetCmd
                0x00000000       0x20 ..\obj\stm32f10x_rcc.o
 .text.RCC_ClockSecuritySystemCmd
                0x00000000       0x20 ..\obj\stm32f10x_rcc.o
 .text.RCC_MCOConfig
                0x00000000       0x20 ..\obj\stm32f10x_rcc.o
 .text.RCC_GetFlagStatus
                0x00000000       0x74 ..\obj\stm32f10x_rcc.o
 .text.RCC_ClearFlag
                0x00000000       0x1c ..\obj\stm32f10x_rcc.o
 .text.RCC_GetITStatus
                0x00000000       0x34 ..\obj\stm32f10x_rcc.o
 .text.RCC_ClearITPendingBit
                0x00000000       0x20 ..\obj\stm32f10x_rcc.o
 .data          0x00000000        0x0 c:/program files (x86)/gnu tools arm embedded/7 2017-q4-major/bin/../lib/gcc/arm-none-eabi/7.2.1/thumb/v7-m\libgcc.a(_arm_addsubdf3.o)
 .bss           0x00000000        0x0 c:/program files (x86)/gnu tools arm embedded/7 2017-q4-major/bin/../lib/gcc/arm-none-eabi/7.2.1/thumb/v7-m\libgcc.a(_arm_addsubdf3.o)
 .data          0x00000000        0x0 c:/program files (x86)/gnu tools arm embedded/7 2017-q4-major/bin/../lib/gcc/arm-none-eabi/7.2.1/thumb/v7-m\libgcc.a(_arm_muldivdf3.o)
 .bss           0x00000000        0x0 c:/program files (x86)/gnu tools arm embedded/7 2017-q4-major/bin/../lib/gcc/arm-none-eabi/7.2.1/thumb/v7-m\libgcc.a(_arm_muldivdf3.o)
 .data          0x00000000        0x0 c:/program files (x86)/gnu tools arm embedded/7 2017-q4-major/bin/../lib/gcc/arm-none-eabi/7.2.1/thumb/v7-m\libgcc.a(_arm_truncdfsf2.o)
 .bss           0x00000000        0x0 c:/program files (x86)/gnu tools arm embedded/7 2017-q4-major/bin/../lib/gcc/arm-none-eabi/7.2.1/thumb/v7-m\libgcc.a(_arm_truncdfsf2.o)
 .data          0x00000000        0x0 c:/program files (x86)/gnu tools arm embedded/7 2017-q4-major/bin/../lib/gcc/arm-none-eabi/7.2.1/thumb/v7-m\libgcc.a(_arm_cmpsf2.o)
 .bss           0x00000000        0x0 c:/program files (x86)/gnu tools arm embedded/7 2017-q4-major/bin/../lib/gcc/arm-none-eabi/7.2.1/thumb/v7-m\libgcc.a(_arm_cmpsf2.o)

Memory Configuration

Name             Origin             Length             Attributes
rom              0x08000000         0x00010000         xr
ram              0x20000000         0x00005000         xrw
*default*        0x00000000         0xffffffff

Linker script and memory map

                0x20005000                _eram = 0x20005000

.text           0x08000000     0x122c
 *(.isr_vector)
 .isr_vector    0x08000000      0x10c ..\obj\startup_stm32f10x_md.o
                0x08000000                g_pfnVectors
 *(.text*)
 .text.SystemInit
                0x0800010c       0x68 ..\obj\system_stm32f10x.o
                0x0800010c                SystemInit
 .text.SetSysClock
                0x08000174        0xc ..\obj\system_stm32f10x.o
 .text.SetSysClockTo72
                0x08000180      0x100 ..\obj\system_stm32f10x.o
 .text.Default_Reset_Handler
                0x08000280       0x60 ..\obj\startup_stm32f10x_md.o
                0x08000280                Default_Reset_Handler
                0x08000280                Reset_Handler
 .text.Default_Handler
                0x080002e0        0x6 ..\obj\startup_stm32f10x_md.o
                0x080002e0                EXTI2_IRQHandler
                0x080002e0                DebugMon_Handler
                0x080002e0                TIM1_CC_IRQHandler
                0x080002e0                HardFault_Handler
                0x080002e0                SysTick_Handler
                0x080002e0                PVD_IRQHandler
                0x080002e0                PendSV_Handler
                0x080002e0                NMI_Handler
                0x080002e0                EXTI3_IRQHandler
                0x080002e0                EXTI0_IRQHandler
                0x080002e0                I2C2_EV_IRQHandler
                0x080002e0                UsageFault_Handler
                0x080002e0                ADC1_2_IRQHandler
                0x080002e0                SPI1_IRQHandler
                0x080002e0                TAMPER_IRQHandler
                0x080002e0                DMA1_Channel4_IRQHandler
                0x080002e0                USART3_IRQHandler
                0x080002e0                RTC_IRQHandler
                0x080002e0                DMA1_Channel7_IRQHandler
                0x080002e0                CAN1_RX1_IRQHandler
                0x080002e0                TIM4_IRQHandler
                0x080002e0                I2C1_EV_IRQHandler
                0x080002e0                DMA1_Channel6_IRQHandler
                0x080002e0                TIM3_IRQHandler
                0x080002e0                RCC_IRQHandler
                0x080002e0                TIM1_TRG_COM_IRQHandler
                0x080002e0                DMA1_Channel1_IRQHandler
                0x080002e0                EXTI15_10_IRQHandler
                0x080002e0                EXTI9_5_IRQHandler
                0x080002e0                SPI2_IRQHandler
                0x080002e0                MemManage_Handler
                0x080002e0                SVC_Handler
                0x080002e0                DMA1_Channel5_IRQHandler
                0x080002e0                EXTI4_IRQHandler
                0x080002e0                USB_LP_CAN1_RX0_IRQHandler
                0x080002e0                USB_HP_CAN1_TX_IRQHandler
                0x080002e0                DMA1_Channel3_IRQHandler
                0x080002e0                TIM1_UP_IRQHandler
                0x080002e0                WWDG_IRQHandler
                0x080002e0                TIM2_IRQHandler
                0x080002e0                TIM1_BRK_IRQHandler
                0x080002e0                EXTI1_IRQHandler
                0x080002e0                RTCAlarm_IRQHandler
                0x080002e0                USART2_IRQHandler
                0x080002e0                I2C2_ER_IRQHandler
                0x080002e0                DMA1_Channel2_IRQHandler
                0x080002e0                CAN1_SCE_IRQHandler
                0x080002e0                FLASH_IRQHandler
                0x080002e0                BusFault_Handler
                0x080002e0                USART1_IRQHandler
                0x080002e0                I2C1_ER_IRQHandler
                0x080002e0                USBWakeUp_IRQHandler
 .text.GPIO_Init
                0x080002e6      0x178 ..\obj\stm32f10x_gpio.o
                0x080002e6                GPIO_Init
 .text.GPIO_SetBits
                0x0800045e       0x1c ..\obj\stm32f10x_gpio.o
                0x0800045e                GPIO_SetBits
 .text.GPIO_ResetBits
                0x0800047a       0x1c ..\obj\stm32f10x_gpio.o
                0x0800047a                GPIO_ResetBits
 *fill*         0x08000496        0x2 
 .text.init_gpios
                0x08000498       0x90 ..\obj\main.o
                0x08000498                init_gpios
 .text.is_selected
                0x08000528       0x98 ..\obj\main.o
                0x08000528                is_selected
 .text.init_pwm_ic
                0x080005c0       0xa2 ..\obj\main.o
                0x080005c0                init_pwm_ic
 *fill*         0x08000662        0x2 
 .text.init_dma
                0x08000664       0x8c ..\obj\main.o
                0x08000664                init_dma
 .text.init_spi
                0x080006f0       0x4c ..\obj\main.o
                0x080006f0                init_spi
 .text.restrt   0x0800073c       0xf8 ..\obj\main.o
                0x0800073c                restrt
 .text.main     0x08000834       0x1a ..\obj\main.o
                0x08000834                main
 *fill*         0x0800084e        0x2 
 .text.RCC_AHBPeriphClockCmd
                0x08000850       0x3c ..\obj\stm32f10x_rcc.o
                0x08000850                RCC_AHBPeriphClockCmd
 .text.RCC_APB2PeriphClockCmd
                0x0800088c       0x3c ..\obj\stm32f10x_rcc.o
                0x0800088c                RCC_APB2PeriphClockCmd
 .text.RCC_APB1PeriphClockCmd
                0x080008c8       0x3c ..\obj\stm32f10x_rcc.o
                0x080008c8                RCC_APB1PeriphClockCmd
 .text          0x08000904      0x378 c:/program files (x86)/gnu tools arm embedded/7 2017-q4-major/bin/../lib/gcc/arm-none-eabi/7.2.1/thumb/v7-m\libgcc.a(_arm_addsubdf3.o)
                0x08000904                __aeabi_drsub
                0x0800090c                __aeabi_dsub
                0x0800090c                __subdf3
                0x08000910                __aeabi_dadd
                0x08000910                __adddf3
                0x08000b88                __floatunsidf
                0x08000b88                __aeabi_ui2d
                0x08000ba8                __floatsidf
                0x08000ba8                __aeabi_i2d
                0x08000bcc                __aeabi_f2d
                0x08000bcc                __extendsfdf2
                0x08000c10                __floatundidf
                0x08000c10                __aeabi_ul2d
                0x08000c20                __floatdidf
                0x08000c20                __aeabi_l2d
 .text          0x08000c7c      0x424 c:/program files (x86)/gnu tools arm embedded/7 2017-q4-major/bin/../lib/gcc/arm-none-eabi/7.2.1/thumb/v7-m\libgcc.a(_arm_muldivdf3.o)
                0x08000c7c                __aeabi_dmul
                0x08000c7c                __muldf3
                0x08000ed0                __divdf3
                0x08000ed0                __aeabi_ddiv
 .text          0x080010a0       0xa0 c:/program files (x86)/gnu tools arm embedded/7 2017-q4-major/bin/../lib/gcc/arm-none-eabi/7.2.1/thumb/v7-m\libgcc.a(_arm_truncdfsf2.o)
                0x080010a0                __truncdfsf2
                0x080010a0                __aeabi_d2f
 .text          0x08001140       0xec c:/program files (x86)/gnu tools arm embedded/7 2017-q4-major/bin/../lib/gcc/arm-none-eabi/7.2.1/thumb/v7-m\libgcc.a(_arm_cmpsf2.o)
                0x08001140                __gesf2
                0x08001140                __gtsf2
                0x08001148                __lesf2
                0x08001148                __ltsf2
                0x08001150                __nesf2
                0x08001150                __eqsf2
                0x08001150                __cmpsf2
                0x080011b0                __aeabi_cfrcmple
                0x080011b8                __aeabi_cfcmpeq
                0x080011b8                __aeabi_cfcmple
                0x080011c8                __aeabi_fcmpeq
                0x080011dc                __aeabi_fcmplt
                0x080011f0                __aeabi_fcmple
                0x08001204                __aeabi_fcmpge
                0x08001218                __aeabi_fcmpgt
 *(.init)
 *(.fini)
 *crtbegin.o(.ctors)
 *crtbegin?.o(.ctors)
 *(EXCLUDE_FILE(*crtend.o *crtend?.o) .ctors)
 *(SORT_BY_NAME(.ctors.*))
 *(.ctors)
 *crtbegin.o(.dtors)
 *crtbegin?.o(.dtors)
 *(EXCLUDE_FILE(*crtend.o *crtend?.o) .dtors)
 *(SORT_BY_NAME(.dtors.*))
 *(.dtors)
 *(.rodata*)
 *(.eh_fram e*)

.glue_7         0x0800122c        0x0
 .glue_7        0x0800122c        0x0 linker stubs

.glue_7t        0x0800122c        0x0
 .glue_7t       0x0800122c        0x0 linker stubs

.vfp11_veneer   0x0800122c        0x0
 .vfp11_veneer  0x0800122c        0x0 linker stubs

.v4_bx          0x0800122c        0x0
 .v4_bx         0x0800122c        0x0 linker stubs

.iplt           0x0800122c        0x0
 .iplt          0x0800122c        0x0 ..\obj\system_stm32f10x.o

.rel.dyn        0x0800122c        0x0
 .rel.iplt      0x0800122c        0x0 ..\obj\system_stm32f10x.o

.ARM.extab
 *(.ARM.extab* .gnu.linkonce.armextab.*)
                0x0800122c                __exidx_start = .

.ARM.exidx
 *(.ARM.exidx* .gnu.linkonce.armexidx.*)
                0x0800122c                __exidx_end = .
                0x0800122c                __etext = .
                0x0800122c                _sidata = __etext

.data           0x20000000       0x3c load address 0x0800122c
                0x20000000                __data_start__ = .
                0x20000000                _sdata = __data_start__
 *(vtable)
 *(.data*)
 .data          0x20000000       0x3c ..\obj\main.o
                0x20000000                tx_buf
                0x20000034                pwm_lth
                0x20000038                pwm_hth
                0x2000003c                . = ALIGN (0x4)
                [!provide]                PROVIDE (__preinit_array_start, .)
 *(.preinit_array)
                [!provide]                PROVIDE (__preinit_array_end, .)
                0x2000003c                . = ALIGN (0x4)
                [!provide]                PROVIDE (__init_array_start, .)
 *(SORT_BY_NAME(.init_array.*))
 *(.init_array)
                [!provide]                PROVIDE (__init_array_end, .)
                0x2000003c                . = ALIGN (0x4)
                [!provide]                PROVIDE (__fini_array_start, .)
 *(SORT_BY_NAME(.fini_array.*))
 *(.fini_array)
                [!provide]                PROVIDE (__fini_array_end, .)
 *(.jcr*)
                0x2000003c                . = ALIGN (0x4)
                0x2000003c                __data_end__ = .
                0x2000003c                _edata = __data_end__

.igot.plt       0x2000003c        0x0 load address 0x08001268
 .igot.plt      0x2000003c        0x0 ..\obj\system_stm32f10x.o

.bss            0x2000003c       0x34 load address 0x08001268
                0x2000003c                . = ALIGN (0x4)
                0x2000003c                __bss_start__ = .
                0x2000003c                _sbss = __bss_start__
 *(.bss*)
 *(COMMON)
 COMMON         0x2000003c       0x32 ..\obj\main.o
                0x2000003c                rx_buf
                0x20000070                . = ALIGN (0x4)
 *fill*         0x2000006e        0x2 
                0x20000070                __bss_end__ = .
                0x20000070                _ebss = __bss_end__

.heap           0x20000070        0x0
                0x20000070                __end__ = .
                0x20000070                _end = __end__
                0x20000070                end = __end__
 *(.heap*)
                0x20000070                __HeapLimit = .

.co_stack       0x20000070      0x400 load address 0x0800129c
                0x20000070                . = ALIGN (0x8)
 *(.co_stack .co_stack.*)
 .co_stack      0x20000070      0x400 ..\obj\startup_stm32f10x_md.o
                0x20000070                pulStack
                0x20005000                __StackTop = (ORIGIN (ram) + LENGTH (ram))
                0x20004c00                __StackLimit = (__StackTop - SIZEOF (.co_stack))
                [!provide]                PROVIDE (__stack, __StackTop)
                0x00000001                ASSERT ((__StackLimit >= __HeapLimit), region ram  overflowed with stack)
LOAD ..\obj\system_stm32f10x.o
LOAD ..\obj\startup_stm32f10x_md.o
LOAD ..\obj\stm32f10x_gpio.o
LOAD ..\obj\main.o
LOAD ..\obj\mstr.o
LOAD ..\obj\stm32f10x_rcc.o
START GROUP
LOAD c:/program files (x86)/gnu tools arm embedded/7 2017-q4-major/bin/../lib/gcc/arm-none-eabi/7.2.1/thumb/v7-m\libgcc.a
LOAD c:/program files (x86)/gnu tools arm embedded/7 2017-q4-major/bin/../lib/gcc/arm-none-eabi/7.2.1/../../../../arm-none-eabi/lib/thumb/v7-m\libg.a
LOAD c:/program files (x86)/gnu tools arm embedded/7 2017-q4-major/bin/../lib/gcc/arm-none-eabi/7.2.1/../../../../arm-none-eabi/lib/thumb/v7-m\libc.a
END GROUP
OUTPUT(lab4.1.elf elf32-littlearm)

.debug_info     0x00000000     0x1c46
 .debug_info    0x00000000      0x4a1 ..\obj\system_stm32f10x.o
 .debug_info    0x000004a1      0x10f ..\obj\startup_stm32f10x_md.o
 .debug_info    0x000005b0      0x6fe ..\obj\stm32f10x_gpio.o
 .debug_info    0x00000cae      0x6ea ..\obj\main.o
 .debug_info    0x00001398      0x8ae ..\obj\stm32f10x_rcc.o

.debug_abbrev   0x00000000      0x782
 .debug_abbrev  0x00000000      0x170 ..\obj\system_stm32f10x.o
 .debug_abbrev  0x00000170       0xb8 ..\obj\startup_stm32f10x_md.o
 .debug_abbrev  0x00000228      0x1e1 ..\obj\stm32f10x_gpio.o
 .debug_abbrev  0x00000409      0x1a8 ..\obj\main.o
 .debug_abbrev  0x000005b1      0x1d1 ..\obj\stm32f10x_rcc.o

.debug_aranges  0x00000000      0x270
 .debug_aranges
                0x00000000       0x38 ..\obj\system_stm32f10x.o
 .debug_aranges
                0x00000038       0x28 ..\obj\startup_stm32f10x_md.o
 .debug_aranges
                0x00000060       0xa8 ..\obj\stm32f10x_gpio.o
 .debug_aranges
                0x00000108       0x50 ..\obj\main.o
 .debug_aranges
                0x00000158      0x118 ..\obj\stm32f10x_rcc.o

.debug_ranges   0x00000000      0x220
 .debug_ranges  0x00000000       0x28 ..\obj\system_stm32f10x.o
 .debug_ranges  0x00000028       0x18 ..\obj\startup_stm32f10x_md.o
 .debug_ranges  0x00000040       0x98 ..\obj\stm32f10x_gpio.o
 .debug_ranges  0x000000d8       0x40 ..\obj\main.o
 .debug_ranges  0x00000118      0x108 ..\obj\stm32f10x_rcc.o

.debug_line     0x00000000     0x105e
 .debug_line    0x00000000      0x27c ..\obj\system_stm32f10x.o
 .debug_line    0x0000027c       0xbe ..\obj\startup_stm32f10x_md.o
 .debug_line    0x0000033a      0x464 ..\obj\stm32f10x_gpio.o
 .debug_line    0x0000079e      0x361 ..\obj\main.o
 .debug_line    0x00000aff      0x55f ..\obj\stm32f10x_rcc.o

.debug_str      0x00000000      0xdce
 .debug_str     0x00000000      0x2e8 ..\obj\system_stm32f10x.o
                                0x35c (size before relaxing)
 .debug_str     0x000002e8       0xde ..\obj\startup_stm32f10x_md.o
                                0x1cb (size before relaxing)
 .debug_str     0x000003c6      0x3d1 ..\obj\stm32f10x_gpio.o
                                0x596 (size before relaxing)
 .debug_str     0x00000797      0x233 ..\obj\main.o
                                0x524 (size before relaxing)
 .debug_str     0x000009ca      0x404 ..\obj\stm32f10x_rcc.o
                                0x697 (size before relaxing)

.comment        0x00000000       0x7e
 .comment       0x00000000       0x7e ..\obj\system_stm32f10x.o
                                 0x7f (size before relaxing)
 .comment       0x0000007e       0x7f ..\obj\startup_stm32f10x_md.o
 .comment       0x0000007e       0x7f ..\obj\stm32f10x_gpio.o
 .comment       0x0000007e       0x7f ..\obj\main.o
 .comment       0x0000007e       0x7f ..\obj\stm32f10x_rcc.o

.ARM.attributes
                0x00000000       0x33
 .ARM.attributes
                0x00000000       0x33 ..\obj\system_stm32f10x.o
 .ARM.attributes
                0x00000033       0x33 ..\obj\startup_stm32f10x_md.o
 .ARM.attributes
                0x00000066       0x33 ..\obj\stm32f10x_gpio.o
 .ARM.attributes
                0x00000099       0x33 ..\obj\main.o
 .ARM.attributes
                0x000000cc       0x33 ..\obj\stm32f10x_rcc.o
 .ARM.attributes
                0x000000ff       0x1d c:/program files (x86)/gnu tools arm embedded/7 2017-q4-major/bin/../lib/gcc/arm-none-eabi/7.2.1/thumb/v7-m\libgcc.a(_arm_addsubdf3.o)
 .ARM.attributes
                0x0000011c       0x1d c:/program files (x86)/gnu tools arm embedded/7 2017-q4-major/bin/../lib/gcc/arm-none-eabi/7.2.1/thumb/v7-m\libgcc.a(_arm_muldivdf3.o)
 .ARM.attributes
                0x00000139       0x1d c:/program files (x86)/gnu tools arm embedded/7 2017-q4-major/bin/../lib/gcc/arm-none-eabi/7.2.1/thumb/v7-m\libgcc.a(_arm_truncdfsf2.o)
 .ARM.attributes
                0x00000156       0x1d c:/program files (x86)/gnu tools arm embedded/7 2017-q4-major/bin/../lib/gcc/arm-none-eabi/7.2.1/thumb/v7-m\libgcc.a(_arm_cmpsf2.o)

.debug_frame    0x00000000      0xb88
 .debug_frame   0x00000000       0x98 ..\obj\system_stm32f10x.o
 .debug_frame   0x00000098       0x4c ..\obj\startup_stm32f10x_md.o
 .debug_frame   0x000000e4      0x2d0 ..\obj\stm32f10x_gpio.o
 .debug_frame   0x000003b4       0xf8 ..\obj\main.o
 .debug_frame   0x000004ac      0x4f4 ..\obj\stm32f10x_rcc.o
 .debug_frame   0x000009a0       0xac c:/program files (x86)/gnu tools arm embedded/7 2017-q4-major/bin/../lib/gcc/arm-none-eabi/7.2.1/thumb/v7-m\libgcc.a(_arm_addsubdf3.o)
 .debug_frame   0x00000a4c       0x50 c:/program files (x86)/gnu tools arm embedded/7 2017-q4-major/bin/../lib/gcc/arm-none-eabi/7.2.1/thumb/v7-m\libgcc.a(_arm_muldivdf3.o)
 .debug_frame   0x00000a9c       0x24 c:/program files (x86)/gnu tools arm embedded/7 2017-q4-major/bin/../lib/gcc/arm-none-eabi/7.2.1/thumb/v7-m\libgcc.a(_arm_truncdfsf2.o)
 .debug_frame   0x00000ac0       0xc8 c:/program files (x86)/gnu tools arm embedded/7 2017-q4-major/bin/../lib/gcc/arm-none-eabi/7.2.1/thumb/v7-m\libgcc.a(_arm_cmpsf2.o)
